Archive member included to satisfy reference by file (symbol)

/home/ubuntu/TD-ICOBS-Software/Software/testcode-icobs-light-project-master/compiler/lib/gcc/riscv32-unknown-elf/11.1.0/libgcc.a(_udivdi3.o)
                              build/lib/misc/print.c.o (__udivdi3)
/home/ubuntu/TD-ICOBS-Software/Software/testcode-icobs-light-project-master/compiler/lib/gcc/riscv32-unknown-elf/11.1.0/libgcc.a(_umoddi3.o)
                              build/lib/misc/print.c.o (__umoddi3)
/home/ubuntu/TD-ICOBS-Software/Software/testcode-icobs-light-project-master/compiler/lib/gcc/riscv32-unknown-elf/11.1.0/libgcc.a(_clz.o)
                              /home/ubuntu/TD-ICOBS-Software/Software/testcode-icobs-light-project-master/compiler/lib/gcc/riscv32-unknown-elf/11.1.0/libgcc.a(_udivdi3.o) (__clz_tab)

Discarded input sections

 .text          0x0000000000000000        0x8 build/crt0.S.o
 .data          0x0000000000000000        0x0 build/crt0.S.o
 .bss           0x0000000000000000        0x0 build/crt0.S.o
 .text          0x0000000000000000        0x0 build/lib/misc/print.c.o
 .data          0x0000000000000000        0x0 build/lib/misc/print.c.o
 .bss           0x0000000000000000        0x0 build/lib/misc/print.c.o
 .text          0x0000000000000000        0x0 build/src/main.c.o
 .data          0x0000000000000000        0x0 build/src/main.c.o
 .bss           0x0000000000000000        0x0 build/src/main.c.o
 .text          0x0000000000000000        0x0 build/lib/libarch/uart.c.o
 .data          0x0000000000000000        0x0 build/lib/libarch/uart.c.o
 .bss           0x0000000000000000        0x0 build/lib/libarch/uart.c.o
 .text.UART1_get_TxCount
                0x0000000000000000        0xa build/lib/libarch/uart.c.o
 .text.UART1_Clean
                0x0000000000000000       0x4a build/lib/libarch/uart.c.o
 .text.UART1_IsRxNotEmpty
                0x0000000000000000       0x18 build/lib/libarch/uart.c.o
 .text.UART1_Read
                0x0000000000000000       0x5c build/lib/libarch/uart.c.o
 .text          0x0000000000000000        0x0 build/lib/libarch/timer.c.o
 .data          0x0000000000000000        0x0 build/lib/libarch/timer.c.o
 .bss           0x0000000000000000        0x0 build/lib/libarch/timer.c.o
 .data          0x0000000000000000        0x0 /home/ubuntu/TD-ICOBS-Software/Software/testcode-icobs-light-project-master/compiler/lib/gcc/riscv32-unknown-elf/11.1.0/libgcc.a(_udivdi3.o)
 .bss           0x0000000000000000        0x0 /home/ubuntu/TD-ICOBS-Software/Software/testcode-icobs-light-project-master/compiler/lib/gcc/riscv32-unknown-elf/11.1.0/libgcc.a(_udivdi3.o)
 .data          0x0000000000000000        0x0 /home/ubuntu/TD-ICOBS-Software/Software/testcode-icobs-light-project-master/compiler/lib/gcc/riscv32-unknown-elf/11.1.0/libgcc.a(_umoddi3.o)
 .bss           0x0000000000000000        0x0 /home/ubuntu/TD-ICOBS-Software/Software/testcode-icobs-light-project-master/compiler/lib/gcc/riscv32-unknown-elf/11.1.0/libgcc.a(_umoddi3.o)
 .text          0x0000000000000000        0x0 /home/ubuntu/TD-ICOBS-Software/Software/testcode-icobs-light-project-master/compiler/lib/gcc/riscv32-unknown-elf/11.1.0/libgcc.a(_clz.o)
 .data          0x0000000000000000        0x0 /home/ubuntu/TD-ICOBS-Software/Software/testcode-icobs-light-project-master/compiler/lib/gcc/riscv32-unknown-elf/11.1.0/libgcc.a(_clz.o)
 .bss           0x0000000000000000        0x0 /home/ubuntu/TD-ICOBS-Software/Software/testcode-icobs-light-project-master/compiler/lib/gcc/riscv32-unknown-elf/11.1.0/libgcc.a(_clz.o)

Memory Configuration

Name             Origin             Length             Attributes
ROM              0x0000000008000000 0x0000000000001000 xr
RAM              0x0000000010010000 0x0000000000010000 w
*default*        0x0000000000000000 0xffffffffffffffff

Linker script and memory map

LOAD build/crt0.S.o
LOAD build/lib/misc/print.c.o
LOAD build/src/main.c.o
LOAD build/lib/libarch/uart.c.o
LOAD build/lib/libarch/timer.c.o
START GROUP
LOAD /home/ubuntu/TD-ICOBS-Software/Software/testcode-icobs-light-project-master/compiler/lib/gcc/riscv32-unknown-elf/11.1.0/../../../../riscv32-unknown-elf/lib/libnosys.a
LOAD /home/ubuntu/TD-ICOBS-Software/Software/testcode-icobs-light-project-master/compiler/lib/gcc/riscv32-unknown-elf/11.1.0/../../../../riscv32-unknown-elf/lib/libc_nano.a
LOAD /home/ubuntu/TD-ICOBS-Software/Software/testcode-icobs-light-project-master/compiler/lib/gcc/riscv32-unknown-elf/11.1.0/libgcc.a
LOAD /home/ubuntu/TD-ICOBS-Software/Software/testcode-icobs-light-project-master/compiler/lib/gcc/riscv32-unknown-elf/11.1.0/../../../../riscv32-unknown-elf/lib/libsupc++.a
END GROUP
                0x0000000008000000                __ROM_BASE = 0x8000000
                0x0000000000001000                __ROM_SIZE = 0x1000
                0x0000000010010000                __RAM_BASE = 0x10010000
                0x0000000000010000                __RAM_SIZE = 0x10000
                0x0000000000000800                __STACK_SIZE = 0x800
                0x0000000000000400                __HEAP_SIZE = 0x400

.text           0x0000000008000000     0x10bc
 *(.vectors)
 .vectors       0x0000000008000000       0x8c build/crt0.S.o
 *(.text)
 .text          0x000000000800008c      0x35e /home/ubuntu/TD-ICOBS-Software/Software/testcode-icobs-light-project-master/compiler/lib/gcc/riscv32-unknown-elf/11.1.0/libgcc.a(_udivdi3.o)
                0x000000000800008c                __udivdi3
 .text          0x00000000080003ea      0x31e /home/ubuntu/TD-ICOBS-Software/Software/testcode-icobs-light-project-master/compiler/lib/gcc/riscv32-unknown-elf/11.1.0/libgcc.a(_umoddi3.o)
                0x00000000080003ea                __umoddi3
 *(.text.*)
 .text.Reset_Handler
                0x0000000008000708       0x62 build/crt0.S.o
                0x0000000008000708                Reset_Handler
 .text.Default_Handler
                0x000000000800076a        0x2 build/crt0.S.o
                0x000000000800076a                IRQ_08_Handler
                0x000000000800076a                IRQ_06_Handler
                0x000000000800076a                IRQ_11_Handler
                0x000000000800076a                IRQ_10_Handler
                0x000000000800076a                IRQ_07_Handler
                0x000000000800076a                IRQ_01_Handler
                0x000000000800076a                IRQ_13_Handler
                0x000000000800076a                IRQ_14_Handler
                0x000000000800076a                IRQ_02_Handler
                0x000000000800076a                IRQ_05_Handler
                0x000000000800076a                IRQ_NMI_Handler
                0x000000000800076a                IRQ_09_Handler
                0x000000000800076a                IRQ_03_Handler
                0x000000000800076a                IRQ_12_Handler
 .text.vprint   0x000000000800076c      0x27a build/lib/misc/print.c.o
                0x000000000800076c                vprint
 .text.print    0x00000000080009e6       0x1c build/lib/misc/print.c.o
                0x00000000080009e6                print
 .text.timer_clock_cb
                0x0000000008000a02        0xc build/src/main.c.o
 .text.startup.main
                0x0000000008000a0e      0x25e build/src/main.c.o
                0x0000000008000a0e                main
 .text.Default_Handler
                0x0000000008000c6c       0x10 build/src/main.c.o
                0x0000000008000c6c                Default_Handler
 .text.UART1_Init
                0x0000000008000c7c       0x64 build/lib/libarch/uart.c.o
                0x0000000008000c7c                UART1_Init
 .text.UART1_Write
                0x0000000008000ce0       0x60 build/lib/libarch/uart.c.o
                0x0000000008000ce0                UART1_Write
 .text.IRQ_04_Handler
                0x0000000008000d40       0xec build/lib/libarch/uart.c.o
                0x0000000008000d40                IRQ_04_Handler
 .text.set_timer_ms
                0x0000000008000e2c       0x58 build/lib/libarch/timer.c.o
                0x0000000008000e2c                set_timer_ms
 .text.delay_ms
                0x0000000008000e84       0x42 build/lib/libarch/timer.c.o
                0x0000000008000e84                delay_ms
 .text.IRQ_00_Handler
                0x0000000008000ec6       0x72 build/lib/libarch/timer.c.o
                0x0000000008000ec6                IRQ_00_Handler
 *(.init)
 *(.fini)
 *crtbegin.o(.ctors)
 *crtbegin?.o(.ctors)
 *(EXCLUDE_FILE(*crtend.o *crtend?.o) .ctors)
 *(SORT_BY_NAME(.ctors.*))
 *(.ctors)
 *crtbegin.o(.dtors)
 *crtbegin?.o(.dtors)
 *(EXCLUDE_FILE(*crtend.o *crtend?.o) .dtors)
 *(SORT_BY_NAME(.dtors.*))
 *(.dtors)
 *(.lit)
 *(.shdata)
 *(.rodata)
 .rodata        0x0000000008000f38      0x100 /home/ubuntu/TD-ICOBS-Software/Software/testcode-icobs-light-project-master/compiler/lib/gcc/riscv32-unknown-elf/11.1.0/libgcc.a(_clz.o)
                0x0000000008000f38                __clz_tab
 *(.rodata.*)
 .rodata.main.str1.4
                0x0000000008001038       0x33 build/src/main.c.o
 *(.eh_frame*)
 *fill*         0x000000000800106b        0x1 
 .eh_frame      0x000000000800106c       0x28 /home/ubuntu/TD-ICOBS-Software/Software/testcode-icobs-light-project-master/compiler/lib/gcc/riscv32-unknown-elf/11.1.0/libgcc.a(_udivdi3.o)
 .eh_frame      0x0000000008001094       0x28 /home/ubuntu/TD-ICOBS-Software/Software/testcode-icobs-light-project-master/compiler/lib/gcc/riscv32-unknown-elf/11.1.0/libgcc.a(_umoddi3.o)
 *(.shbss)

.rela.dyn       0x00000000080010bc        0x0
 .rela.text.Reset_Handler
                0x00000000080010bc        0x0 build/crt0.S.o
 .rela.vectors  0x00000000080010bc        0x0 build/crt0.S.o
                0x00000000080010bc                . = ALIGN (0x4)
                0x00000000080010bc                _text_end = .

.data           0x0000000010010000        0x0 load address 0x00000000080010bc
                0x0000000010010000                _data_start = .
 *(vtable)
 *(.data)
 *(.data.*)
 *(.sdata)
 *(.sdata.*)
                0x0000000010010000                . = ALIGN (0x4)
                [!provide]                        PROVIDE (__preinit_array_start = .)
 *(.preinit_array)
                [!provide]                        PROVIDE (__preinit_array_end = .)
                0x0000000010010000                . = ALIGN (0x4)
                [!provide]                        PROVIDE (__init_array_start = .)
 *(SORT_BY_NAME(.init_array.*))
 *(.init_array)
                [!provide]                        PROVIDE (__init_array_end = .)
                0x0000000010010000                . = ALIGN (0x4)
                [!provide]                        PROVIDE (__fini_array_start = .)
 *(SORT_BY_NAME(.fini_array.*))
 *(.fini_array)
                [!provide]                        PROVIDE (__fini_array_end = .)
 *(.jcr*)
                0x0000000010010000                . = ALIGN (0x4)
                0x0000000010010000                _data_end = .

.bss            0x0000000010010000       0xc4
                0x0000000010010000                . = ALIGN (0x4)
                0x0000000010010000                _bss_start = .
 *(.bss)
 *(.bss.*)
 .bss.UART1_RxBuffer
                0x0000000010010000       0x20 build/lib/libarch/uart.c.o
 .bss.UART1_TxBuffer
                0x0000000010010020       0x80 build/lib/libarch/uart.c.o
 *(.sbss)
 *(.sbss.*)
 .sbss.TIMER_FLAG
                0x00000000100100a0        0x4 build/src/main.c.o
                0x00000000100100a0                TIMER_FLAG
 .sbss.UART1_RxCount
                0x00000000100100a4        0x4 build/lib/libarch/uart.c.o
 .sbss.UART1_RxFirst
                0x00000000100100a8        0x4 build/lib/libarch/uart.c.o
 .sbss.UART1_RxLast
                0x00000000100100ac        0x4 build/lib/libarch/uart.c.o
 .sbss.UART1_TxCount
                0x00000000100100b0        0x4 build/lib/libarch/uart.c.o
 .sbss.UART1_TxFirst
                0x00000000100100b4        0x4 build/lib/libarch/uart.c.o
 .sbss.UART1_TxLast
                0x00000000100100b8        0x4 build/lib/libarch/uart.c.o
 .sbss.g_callback
                0x00000000100100bc        0x4 build/lib/libarch/timer.c.o
 .sbss.g_callback_code
                0x00000000100100c0        0x4 build/lib/libarch/timer.c.o
 *(COMMON)
                0x00000000100100c4                . = ALIGN (0x4)
                0x00000000100100c4                _bss_end = .

.heap           0x00000000100100c4      0x404
                0x00000000100100c8                . = ALIGN (0x8)
 *fill*         0x00000000100100c4        0x4 
                0x00000000100100c8                __end__ = .
                0x00000000100100c8                _end = .
                [!provide]                        PROVIDE (end = .)
                0x00000000100104c8                . = (. + __HEAP_SIZE)
 *fill*         0x00000000100100c8      0x400 
                0x00000000100104c8                . = ALIGN (0x8)
                0x00000000100104c8                __HeapLimit = .

.stack          0x000000001001f800      0x800
                0x000000001001f800                . = ALIGN (0x8)
                0x000000001001f800                __StackLimit = .
                0x0000000010020000                . = (. + __STACK_SIZE)
 *fill*         0x000000001001f800      0x800 
                0x0000000010020000                . = ALIGN (0x8)
                0x0000000010020000                __StackTop = .
                0x0000000010020000                PROVIDE (__stack = __StackTop)
OUTPUT(output/testcode_icobs_light.elf elf32-littleriscv)

.riscv.attributes
                0x0000000000000000       0x2a
 .riscv.attributes
                0x0000000000000000       0x24 build/crt0.S.o
 .riscv.attributes
                0x0000000000000024       0x26 build/lib/misc/print.c.o
 .riscv.attributes
                0x000000000000004a       0x2a build/src/main.c.o
 .riscv.attributes
                0x0000000000000074       0x2a build/lib/libarch/uart.c.o
 .riscv.attributes
                0x000000000000009e       0x2a build/lib/libarch/timer.c.o
 .riscv.attributes
                0x00000000000000c8       0x26 /home/ubuntu/TD-ICOBS-Software/Software/testcode-icobs-light-project-master/compiler/lib/gcc/riscv32-unknown-elf/11.1.0/libgcc.a(_udivdi3.o)
 .riscv.attributes
                0x00000000000000ee       0x26 /home/ubuntu/TD-ICOBS-Software/Software/testcode-icobs-light-project-master/compiler/lib/gcc/riscv32-unknown-elf/11.1.0/libgcc.a(_umoddi3.o)
 .riscv.attributes
                0x0000000000000114       0x26 /home/ubuntu/TD-ICOBS-Software/Software/testcode-icobs-light-project-master/compiler/lib/gcc/riscv32-unknown-elf/11.1.0/libgcc.a(_clz.o)

.comment        0x0000000000000000       0x12
 .comment       0x0000000000000000       0x12 build/lib/misc/print.c.o
                                         0x13 (size before relaxing)
 .comment       0x0000000000000012       0x13 build/src/main.c.o
 .comment       0x0000000000000012       0x13 build/lib/libarch/uart.c.o
 .comment       0x0000000000000012       0x13 build/lib/libarch/timer.c.o
 .comment       0x0000000000000012       0x13 /home/ubuntu/TD-ICOBS-Software/Software/testcode-icobs-light-project-master/compiler/lib/gcc/riscv32-unknown-elf/11.1.0/libgcc.a(_udivdi3.o)
 .comment       0x0000000000000012       0x13 /home/ubuntu/TD-ICOBS-Software/Software/testcode-icobs-light-project-master/compiler/lib/gcc/riscv32-unknown-elf/11.1.0/libgcc.a(_umoddi3.o)
 .comment       0x0000000000000012       0x13 /home/ubuntu/TD-ICOBS-Software/Software/testcode-icobs-light-project-master/compiler/lib/gcc/riscv32-unknown-elf/11.1.0/libgcc.a(_clz.o)

.debug_info     0x0000000000000000      0xfee
 .debug_info    0x0000000000000000      0x761 /home/ubuntu/TD-ICOBS-Software/Software/testcode-icobs-light-project-master/compiler/lib/gcc/riscv32-unknown-elf/11.1.0/libgcc.a(_udivdi3.o)
 .debug_info    0x0000000000000761      0x7b5 /home/ubuntu/TD-ICOBS-Software/Software/testcode-icobs-light-project-master/compiler/lib/gcc/riscv32-unknown-elf/11.1.0/libgcc.a(_umoddi3.o)
 .debug_info    0x0000000000000f16       0xd8 /home/ubuntu/TD-ICOBS-Software/Software/testcode-icobs-light-project-master/compiler/lib/gcc/riscv32-unknown-elf/11.1.0/libgcc.a(_clz.o)

.debug_abbrev   0x0000000000000000      0x3d1
 .debug_abbrev  0x0000000000000000      0x1a6 /home/ubuntu/TD-ICOBS-Software/Software/testcode-icobs-light-project-master/compiler/lib/gcc/riscv32-unknown-elf/11.1.0/libgcc.a(_udivdi3.o)
 .debug_abbrev  0x00000000000001a6      0x1bb /home/ubuntu/TD-ICOBS-Software/Software/testcode-icobs-light-project-master/compiler/lib/gcc/riscv32-unknown-elf/11.1.0/libgcc.a(_umoddi3.o)
 .debug_abbrev  0x0000000000000361       0x70 /home/ubuntu/TD-ICOBS-Software/Software/testcode-icobs-light-project-master/compiler/lib/gcc/riscv32-unknown-elf/11.1.0/libgcc.a(_clz.o)

.debug_loclists
                0x0000000000000000     0x1303
 .debug_loclists
                0x0000000000000000      0xa99 /home/ubuntu/TD-ICOBS-Software/Software/testcode-icobs-light-project-master/compiler/lib/gcc/riscv32-unknown-elf/11.1.0/libgcc.a(_udivdi3.o)
 .debug_loclists
                0x0000000000000a99      0x86a /home/ubuntu/TD-ICOBS-Software/Software/testcode-icobs-light-project-master/compiler/lib/gcc/riscv32-unknown-elf/11.1.0/libgcc.a(_umoddi3.o)

.debug_aranges  0x0000000000000000       0x58
 .debug_aranges
                0x0000000000000000       0x20 /home/ubuntu/TD-ICOBS-Software/Software/testcode-icobs-light-project-master/compiler/lib/gcc/riscv32-unknown-elf/11.1.0/libgcc.a(_udivdi3.o)
 .debug_aranges
                0x0000000000000020       0x20 /home/ubuntu/TD-ICOBS-Software/Software/testcode-icobs-light-project-master/compiler/lib/gcc/riscv32-unknown-elf/11.1.0/libgcc.a(_umoddi3.o)
 .debug_aranges
                0x0000000000000040       0x18 /home/ubuntu/TD-ICOBS-Software/Software/testcode-icobs-light-project-master/compiler/lib/gcc/riscv32-unknown-elf/11.1.0/libgcc.a(_clz.o)

.debug_rnglists
                0x0000000000000000      0x1e2
 .debug_rnglists
                0x0000000000000000      0x111 /home/ubuntu/TD-ICOBS-Software/Software/testcode-icobs-light-project-master/compiler/lib/gcc/riscv32-unknown-elf/11.1.0/libgcc.a(_udivdi3.o)
 .debug_rnglists
                0x0000000000000111       0xd1 /home/ubuntu/TD-ICOBS-Software/Software/testcode-icobs-light-project-master/compiler/lib/gcc/riscv32-unknown-elf/11.1.0/libgcc.a(_umoddi3.o)

.debug_line     0x0000000000000000      0xf07
 .debug_line    0x0000000000000000      0x727 /home/ubuntu/TD-ICOBS-Software/Software/testcode-icobs-light-project-master/compiler/lib/gcc/riscv32-unknown-elf/11.1.0/libgcc.a(_udivdi3.o)
 .debug_line    0x0000000000000727      0x7a1 /home/ubuntu/TD-ICOBS-Software/Software/testcode-icobs-light-project-master/compiler/lib/gcc/riscv32-unknown-elf/11.1.0/libgcc.a(_umoddi3.o)
 .debug_line    0x0000000000000ec8       0x3f /home/ubuntu/TD-ICOBS-Software/Software/testcode-icobs-light-project-master/compiler/lib/gcc/riscv32-unknown-elf/11.1.0/libgcc.a(_clz.o)

.debug_str      0x0000000000000000      0x2a4
 .debug_str     0x0000000000000000      0x1e9 /home/ubuntu/TD-ICOBS-Software/Software/testcode-icobs-light-project-master/compiler/lib/gcc/riscv32-unknown-elf/11.1.0/libgcc.a(_udivdi3.o)
                                        0x249 (size before relaxing)
 .debug_str     0x00000000000001e9        0xa /home/ubuntu/TD-ICOBS-Software/Software/testcode-icobs-light-project-master/compiler/lib/gcc/riscv32-unknown-elf/11.1.0/libgcc.a(_umoddi3.o)
                                        0x249 (size before relaxing)
 .debug_str     0x00000000000001f3       0xb1 /home/ubuntu/TD-ICOBS-Software/Software/testcode-icobs-light-project-master/compiler/lib/gcc/riscv32-unknown-elf/11.1.0/libgcc.a(_clz.o)
                                        0x196 (size before relaxing)

.debug_line_str
                0x0000000000000000       0xdf
 .debug_line_str
                0x0000000000000000       0xdf /home/ubuntu/TD-ICOBS-Software/Software/testcode-icobs-light-project-master/compiler/lib/gcc/riscv32-unknown-elf/11.1.0/libgcc.a(_udivdi3.o)
                                        0x1a2 (size before relaxing)
 .debug_line_str
                0x00000000000000df      0x1a2 /home/ubuntu/TD-ICOBS-Software/Software/testcode-icobs-light-project-master/compiler/lib/gcc/riscv32-unknown-elf/11.1.0/libgcc.a(_umoddi3.o)
 .debug_line_str
                0x00000000000000df      0x1a2 /home/ubuntu/TD-ICOBS-Software/Software/testcode-icobs-light-project-master/compiler/lib/gcc/riscv32-unknown-elf/11.1.0/libgcc.a(_clz.o)
